2018-05-31 17:43:04,433 - test_name - ERROR - random_message
